
  You can now view your Streamlit app in your browser.

  URL: http://0.0.0.0:8502

/root/ai-app/app_link1.py:180: FutureWarning: Setting an item of incompatible dtype is deprecated and will raise an error in a future version of pandas. Value '' has dtype incompatible with float64, please explicitly cast to a compatible dtype first.
  df.loc[mask, 'comment'] = evaluation_data.get('comment', '')
2026-01-12 09:29:59.317 The `use_column_width` parameter has been deprecated and will be removed in a future release. Please utilize the `width` parameter instead.
2026-01-12 09:30:09.964 The `use_column_width` parameter has been deprecated and will be removed in a future release. Please utilize the `width` parameter instead.
2026-01-12 09:30:10.580 The `use_column_width` parameter has been deprecated and will be removed in a future release. Please utilize the `width` parameter instead.
2026-01-12 09:32:22.367 The `use_column_width` parameter has been deprecated and will be removed in a future release. Please utilize the `width` parameter instead.
2026-01-12 09:32:24.497 The `use_column_width` parameter has been deprecated and will be removed in a future release. Please utilize the `width` parameter instead.
2026-01-12 09:32:25.114 The `use_column_width` parameter has been deprecated and will be removed in a future release. Please utilize the `width` parameter instead.
2026-01-12 09:35:23.442 The `use_column_width` parameter has been deprecated and will be removed in a future release. Please utilize the `width` parameter instead.
2026-01-13 16:37:25.798 The `use_column_width` parameter has been deprecated and will be removed in a future release. Please utilize the `width` parameter instead.
2026-01-13 16:41:23.803 The `use_column_width` parameter has been deprecated and will be removed in a future release. Please utilize the `width` parameter instead.
2026-01-13 16:41:24.440 The `use_column_width` parameter has been deprecated and will be removed in a future release. Please utilize the `width` parameter instead.
2026-01-13 16:42:10.972 The `use_column_width` parameter has been deprecated and will be removed in a future release. Please utilize the `width` parameter instead.
2026-01-13 16:42:11.585 The `use_column_width` parameter has been deprecated and will be removed in a future release. Please utilize the `width` parameter instead.
2026-01-13 16:42:47.358 The `use_column_width` parameter has been deprecated and will be removed in a future release. Please utilize the `width` parameter instead.
2026-01-13 16:42:47.965 The `use_column_width` parameter has been deprecated and will be removed in a future release. Please utilize the `width` parameter instead.
2026-01-13 16:43:18.629 The `use_column_width` parameter has been deprecated and will be removed in a future release. Please utilize the `width` parameter instead.
2026-01-13 16:43:19.108 The `use_column_width` parameter has been deprecated and will be removed in a future release. Please utilize the `width` parameter instead.
2026-01-13 16:43:19.724 The `use_column_width` parameter has been deprecated and will be removed in a future release. Please utilize the `width` parameter instead.
2026-01-13 16:43:34.835 The `use_column_width` parameter has been deprecated and will be removed in a future release. Please utilize the `width` parameter instead.
2026-01-13 16:43:35.446 The `use_column_width` parameter has been deprecated and will be removed in a future release. Please utilize the `width` parameter instead.
2026-01-13 16:43:40.607 The `use_column_width` parameter has been deprecated and will be removed in a future release. Please utilize the `width` parameter instead.
2026-01-13 16:43:41.229 The `use_column_width` parameter has been deprecated and will be removed in a future release. Please utilize the `width` parameter instead.
2026-01-13 17:03:49.087 The `use_column_width` parameter has been deprecated and will be removed in a future release. Please utilize the `width` parameter instead.
2026-01-13 17:23:25.344 The `use_column_width` parameter has been deprecated and will be removed in a future release. Please utilize the `width` parameter instead.
2026-01-13 17:23:25.955 The `use_column_width` parameter has been deprecated and will be removed in a future release. Please utilize the `width` parameter instead.
2026-01-13 17:23:44.358 The `use_column_width` parameter has been deprecated and will be removed in a future release. Please utilize the `width` parameter instead.
2026-01-13 17:23:44.979 The `use_column_width` parameter has been deprecated and will be removed in a future release. Please utilize the `width` parameter instead.
2026-01-14 15:50:46.303 The `use_column_width` parameter has been deprecated and will be removed in a future release. Please utilize the `width` parameter instead.
2026-01-14 15:51:01.927 The `use_column_width` parameter has been deprecated and will be removed in a future release. Please utilize the `width` parameter instead.
2026-01-14 15:51:21.636 The `use_column_width` parameter has been deprecated and will be removed in a future release. Please utilize the `width` parameter instead.
2026-01-14 15:51:26.503 The `use_column_width` parameter has been deprecated and will be removed in a future release. Please utilize the `width` parameter instead.
2026-01-14 15:51:27.118 The `use_column_width` parameter has been deprecated and will be removed in a future release. Please utilize the `width` parameter instead.
2026-01-14 15:51:31.159 The `use_column_width` parameter has been deprecated and will be removed in a future release. Please utilize the `width` parameter instead.
2026-01-14 15:51:31.767 The `use_column_width` parameter has been deprecated and will be removed in a future release. Please utilize the `width` parameter instead.
2026-01-14 15:51:36.068 The `use_column_width` parameter has been deprecated and will be removed in a future release. Please utilize the `width` parameter instead.
2026-01-14 15:51:36.683 The `use_column_width` parameter has been deprecated and will be removed in a future release. Please utilize the `width` parameter instead.
2026-01-14 15:51:42.356 The `use_column_width` parameter has been deprecated and will be removed in a future release. Please utilize the `width` parameter instead.
2026-01-14 15:51:42.972 The `use_column_width` parameter has been deprecated and will be removed in a future release. Please utilize the `width` parameter instead.
2026-01-14 15:53:03.017 The `use_column_width` parameter has been deprecated and will be removed in a future release. Please utilize the `width` parameter instead.
2026-01-14 15:53:03.637 The `use_column_width` parameter has been deprecated and will be removed in a future release. Please utilize the `width` parameter instead.
2026-01-14 15:53:06.091 The `use_column_width` parameter has been deprecated and will be removed in a future release. Please utilize the `width` parameter instead.
2026-01-14 15:53:06.713 The `use_column_width` parameter has been deprecated and will be removed in a future release. Please utilize the `width` parameter instead.
2026-01-14 15:53:09.254 The `use_column_width` parameter has been deprecated and will be removed in a future release. Please utilize the `width` parameter instead.
2026-01-14 15:53:09.882 The `use_column_width` parameter has been deprecated and will be removed in a future release. Please utilize the `width` parameter instead.
2026-01-14 15:53:15.977 The `use_column_width` parameter has been deprecated and will be removed in a future release. Please utilize the `width` parameter instead.
2026-01-14 15:53:16.591 The `use_column_width` parameter has been deprecated and will be removed in a future release. Please utilize the `width` parameter instead.
2026-01-14 16:02:26.376 The `use_column_width` parameter has been deprecated and will be removed in a future release. Please utilize the `width` parameter instead.
2026-01-14 16:02:45.397 The `use_column_width` parameter has been deprecated and will be removed in a future release. Please utilize the `width` parameter instead.
2026-01-14 16:02:46.007 The `use_column_width` parameter has been deprecated and will be removed in a future release. Please utilize the `width` parameter instead.
